Testing OpenRouter with Key: Found key ending in 93a2
✅ OpenRouter Success: Yes, I am working. I can provide information about the "Hello" text scam that's been circulating.

The "Hello" text scam involves scammers sending unsolicited text messages, often just saying "Hello?", to potential victims [huffpost.com](https://www.huffpost.com/entry/hello-text-scam_n_67eb1781e4b0d17863f2fb05), [consumer.ftc.gov](https://consumer.ftc.gov/consumer-alerts/2024/05/why-its-not-rude-ignore-hi-how-are-you-text-messages-strangers). The goal is to see if the number is active and has a real person attached to it [huffpost.com](https://www.huffpost.com/entry/hello-text-scam_n_67eb1781e4b0d17863f2fb05). Any response, even a confused one, lets the scammer know the number is live [huffpost.com](https://www.huffpost.com/entry/hello-text-scam_n_67eb1781e4b0d17863f2fb05).

After confirming an active number, the scammer might try to build trust and familiarity to eventually try to steal money or information. This might involve investment advice.

The best course of action is to ignore and block these numbers [consumer.ftc.gov](https://consumer.ftc.gov/consumer-alerts/2024/05/why-its-not-rude-ignore-hi-how-are-you-text-messages-strangers). You can also report them to 7726 (SPAM) [consumer.ftc.gov](https://consumer.ftc.gov/consumer-alerts/2024/05/why-its-not-rude-ignore-hi-how-are-you-text-messages-strangers).

